
> shotspot-backend@1.0.0 pretest
> npm run setup-test-db


> shotspot-backend@1.0.0 setup-test-db
> node scripts/setup-test-db.js

[dotenv@17.2.3] injecting env (17) from .env.test -- tip: ­ƒöä add secrets lifecycle management: https://dotenvx.com/ops
Test database setup completed successfully

> shotspot-backend@1.0.0 test
> jest --config jest.config.js --no-cache test/game-rosters.test.js

  console.log
    [dotenv@17.2.3] injecting env (17) from .env.test -- tip: ­ƒöÉ encrypt with Dotenvx: https://dotenvx.com

      at _log (node_modules/dotenv/lib/main.js:142:11)

  console.log
    [dotenv@17.2.3] injecting env (14) from .env -- tip: ­ƒöÉ encrypt with Dotenvx: https://dotenvx.com

      at _log (node_modules/dotenv/lib/main.js:142:11)

  console.log
    Database configuration: {
      user: 'shotspot_test_user',
      host: 'localhost',
      database: 'shotspot_test_db',
      port: '5432',
      hasPassword: true,
      max: 5,
      idleTimeoutMillis: 1000
    }

      at Object.log (src/db.js:20:9)

  console.log
    Successfully connected to the database

      at log (src/db.js:64:13)

  console.log
    Executed query {
      text: 'INSERT INTO users (username, email, password_hash, role) \n' +
        '       VALUES ($1, $2, $3, $4) RETURNING *',
      duration: 8,
      rows: 1
    }

      at Object.log [as query] (src/db.js:84:13)

  console.log
    Executed query {
      text: 'INSERT INTO users (username, email, password_hash, role) \n' +
        '       VALUES ($1, $2, $3, $4) RETURNING *',
      duration: 1,
      rows: 1
    }

      at Object.log [as query] (src/db.js:84:13)

  console.log
    Executed query {
      text: 'INSERT INTO users (username, email, password_hash, role) \n' +
        '       VALUES ($1, $2, $3, $4) RETURNING *',
      duration: 0,
      rows: 1
    }

      at Object.log [as query] (src/db.js:84:13)

  console.log
    Executed query {
      text: 'INSERT INTO teams (name) VALUES ($1) RETURNING *',
      duration: 2,
      rows: 1
    }

      at Object.log [as query] (src/db.js:84:13)

  console.log
    Executed query {
      text: 'INSERT INTO teams (name) VALUES ($1) RETURNING *',
      duration: 1,
      rows: 1
    }

      at Object.log [as query] (src/db.js:84:13)

  console.log
    Executed query {
      text: 'INSERT INTO players (team_id, first_name, last_name, jersey_number, gender) VALUES ($1, $2, $3, $4, $5) RETURNING *',
      duration: 2,
      rows: 1
    }

      at Object.log [as query] (src/db.js:84:13)

  console.log
    Executed query {
      text: 'INSERT INTO players (team_id, first_name, last_name, jersey_number, gender) VALUES ($1, $2, $3, $4, $5) RETURNING *',
      duration: 1,
      rows: 1
    }

      at Object.log [as query] (src/db.js:84:13)

  console.log
    Executed query {
      text: 'INSERT INTO players (team_id, first_name, last_name, jersey_number, gender) VALUES ($1, $2, $3, $4, $5) RETURNING *',
      duration: 1,
      rows: 1
    }

      at Object.log [as query] (src/db.js:84:13)

  console.log
    Executed query {
      text: 'INSERT INTO players (team_id, first_name, last_name, jersey_number, gender) VALUES ($1, $2, $3, $4, $5) RETURNING *',
      duration: 1,
      rows: 1
    }

      at Object.log [as query] (src/db.js:84:13)

  console.log
    Executed query {
      text: 'INSERT INTO players (team_id, first_name, last_name, jersey_number, gender) VALUES ($1, $2, $3, $4, $5) RETURNING *',
      duration: 1,
      rows: 1
    }

      at Object.log [as query] (src/db.js:84:13)

  console.log
    Executed query {
      text: 'INSERT INTO games (home_team_id, away_team_id, date, status) \n' +
        '       VALUES ($1, $2, $3, $4) RETURNING *',
      duration: 3,
      rows: 1
    }

      at Object.log [as query] (src/db.js:84:13)

  console.log
    Executed query {
      text: 'DELETE FROM game_rosters WHERE game_id = $1',
      duration: 1,
      rows: 0
    }

      at Object.log [as query] (src/db.js:84:13)

  console.log
    Request: {
      method: 'POST',
      path: '/api/game-rosters/1',
      headers: { authorization: 'present', 'content-type': 'application/json' }
    }

      at log (src/app.js:167:11)

  console.log
    Executed query { text: 'BEGIN', duration: 1, rows: null }

      at Object.log [as query] (src/db.js:84:13)

  console.log
    Executed query {
      text: 'DELETE FROM game_rosters WHERE game_id = $1',
      duration: 1,
      rows: 0
    }

      at Object.log [as query] (src/db.js:84:13)

  console.log
    Executed query {
      text: 'INSERT INTO game_rosters (game_id, team_id, player_id, is_captain, is_starting)\n' +
        '           VALUES ($1, $2, $3, $4, $5)\n' +
        '           RETURNING *',
      duration: 2,
      rows: 1
    }

      at Object.log [as query] (src/db.js:84:13)

  console.log
    Executed query {
      text: 'INSERT INTO game_rosters (game_id, team_id, player_id, is_captain, is_starting)\n' +
        '           VALUES ($1, $2, $3, $4, $5)\n' +
        '           RETURNING *',
      duration: 1,
      rows: 1
    }

      at Object.log [as query] (src/db.js:84:13)

  console.log
    Executed query { text: 'COMMIT', duration: 0, rows: null }

      at Object.log [as query] (src/db.js:84:13)

  console.log
    Executed query {
      text: 'DELETE FROM game_rosters WHERE game_id = $1',
      duration: 1,
      rows: 2
    }

      at Object.log [as query] (src/db.js:84:13)

  console.log
    Request: {
      method: 'POST',
      path: '/api/game-rosters/1',
      headers: { authorization: 'present', 'content-type': 'application/json' }
    }

      at log (src/app.js:167:11)

  console.log
    Executed query { text: 'BEGIN', duration: 0, rows: null }

      at Object.log [as query] (src/db.js:84:13)

  console.log
    Executed query {
      text: 'DELETE FROM game_rosters WHERE game_id = $1',
      duration: 0,
      rows: 0
    }

      at Object.log [as query] (src/db.js:84:13)

  console.log
    Executed query { text: 'ROLLBACK', duration: 0, rows: null }

      at Object.log [as query] (src/db.js:84:13)

  console.log
    Executed query {
      text: 'DELETE FROM game_rosters WHERE game_id = $1',
      duration: 0,
      rows: 0
    }

      at Object.log [as query] (src/db.js:84:13)

  console.log
    Request: {
      method: 'POST',
      path: '/api/game-rosters/99999',
      headers: { authorization: 'present', 'content-type': 'application/json' }
    }

      at log (src/app.js:167:11)

  console.log
    Executed query { text: 'BEGIN', duration: 0, rows: null }

      at Object.log [as query] (src/db.js:84:13)

  console.log
    Executed query {
      text: 'DELETE FROM game_rosters WHERE game_id = $1',
      duration: 0,
      rows: 0
    }

      at Object.log [as query] (src/db.js:84:13)

  console.error
    Error executing query {
      text: 'INSERT INTO game_rosters (game_id, team_id, player_id, is_captain, is_starting)\n' +
        '           VALUES ($1, $2, $3, $4, $5)\n' +
        '           RETURNING *',
      error: 'insert or update on table "game_rosters" violates foreign key constraint "game_rosters_game_id_fkey"'
    }

    [0m [90m 85 |[39m     [36mreturn[39m res[33m;[39m
     [90m 86 |[39m   } [36mcatch[39m (err) {
    [31m[1m>[22m[39m[90m 87 |[39m     console[33m.[39merror([32m'Error executing query'[39m[33m,[39m { text[33m,[39m error[33m:[39m err[33m.[39mmessage })[33m;[39m
     [90m    |[39m             [31m[1m^[22m[39m
     [90m 88 |[39m     [36mthrow[39m err[33m;[39m
     [90m 89 |[39m   } [36mfinally[39m {
     [90m 90 |[39m     client[33m.[39mrelease()[33m;[39m[0m

      at Object.error (src/db.js:87:13)
      at src/routes/game-rosters.js:103:24

  console.log
    Executed query { text: 'ROLLBACK', duration: 0, rows: null }

      at Object.log [as query] (src/db.js:84:13)

  console.error
    Error adding players to roster: error: insert or update on table "game_rosters" violates foreign key constraint "game_rosters_game_id_fkey"
        at captureStackTrace (E:\code\ShotSpot\backend\node_modules\pg\lib\client.js:545:17)
        at processTicksAndRejections (node:internal/process/task_queues:105:5)
        at Object.query (E:\code\ShotSpot\backend\src\db.js:82:17)
        at E:\code\ShotSpot\backend\src\routes\game-rosters.js:103:24 {
      length: 274,
      severity: 'ERROR',
      code: '23503',
      detail: 'Key (game_id)=(99999) is not present in table "games".',
      hint: undefined,
      position: undefined,
      internalPosition: undefined,
      internalQuery: undefined,
      where: undefined,
      schema: 'public',
      table: 'game_rosters',
      column: undefined,
      dataType: undefined,
      constraint: 'game_rosters_game_id_fkey',
      file: 'ri_triggers.c',
      line: '2783',
      routine: 'ri_ReportViolation'
    }

    [0m [90m 120 |[39m     } [36mcatch[39m (error) {
     [90m 121 |[39m       [36mawait[39m pool[33m.[39mquery([32m'ROLLBACK'[39m)[33m;[39m
    [31m[1m>[22m[39m[90m 122 |[39m       console[33m.[39merror([32m'Error adding players to roster:'[39m[33m,[39m error)[33m;[39m
     [90m     |[39m               [31m[1m^[22m[39m
     [90m 123 |[39m       
     [90m 124 |[39m       [36mif[39m (error[33m.[39mcode [33m===[39m [32m'23503'[39m) {
     [90m 125 |[39m         [36mreturn[39m res[33m.[39mstatus([35m400[39m)[33m.[39mjson({ error[33m:[39m [32m'Invalid game, team, or player ID'[39m })[33m;[39m[0m

      at error (src/routes/game-rosters.js:122:15)

  console.log
    Executed query {
      text: 'DELETE FROM game_rosters WHERE game_id = $1',
      duration: 1,
      rows: 0
    }

      at Object.log [as query] (src/db.js:84:13)

  console.log
    Request: {
      method: 'POST',
      path: '/api/game-rosters/1',
      headers: { authorization: 'missing', 'content-type': 'application/json' }
    }

      at log (src/app.js:167:11)

  console.log
    Executed query { text: 'BEGIN', duration: 0, rows: null }

      at Object.log [as query] (src/db.js:84:13)

  console.log
    Executed query {
      text: 'DELETE FROM game_rosters WHERE game_id = $1',
      duration: 1,
      rows: 0
    }

      at Object.log [as query] (src/db.js:84:13)

  console.log
    Executed query {
      text: 'INSERT INTO game_rosters (game_id, team_id, player_id, is_captain, is_starting)\n' +
        '           VALUES ($1, $2, $3, $4, $5)\n' +
        '           RETURNING *',
      duration: 0,
      rows: 1
    }

      at Object.log [as query] (src/db.js:84:13)

  console.log
    Executed query { text: 'COMMIT', duration: 0, rows: null }

      at Object.log [as query] (src/db.js:84:13)

  console.log
    Executed query {
      text: 'DELETE FROM game_rosters WHERE game_id = $1',
      duration: 1,
      rows: 1
    }

      at Object.log [as query] (src/db.js:84:13)

  console.log
    Request: {
      method: 'POST',
      path: '/api/game-rosters/1',
      headers: { authorization: 'present', 'content-type': 'application/json' }
    }

      at log (src/app.js:167:11)

  console.log
    Executed query {
      text: 'DELETE FROM game_rosters WHERE game_id = $1',
      duration: 1,
      rows: 0
    }

      at Object.log [as query] (src/db.js:84:13)

  console.log
    Request: {
      method: 'POST',
      path: '/api/game-rosters/1',
      headers: { authorization: 'present', 'content-type': 'application/json' }
    }

      at log (src/app.js:167:11)

  console.log
    Executed query { text: 'BEGIN', duration: 1, rows: null }

      at Object.log [as query] (src/db.js:84:13)

  console.log
    Executed query {
      text: 'DELETE FROM game_rosters WHERE game_id = $1',
      duration: 0,
      rows: 0
    }

      at Object.log [as query] (src/db.js:84:13)

  console.log
    Executed query {
      text: 'INSERT INTO game_rosters (game_id, team_id, player_id, is_captain, is_starting)\n' +
        '           VALUES ($1, $2, $3, $4, $5)\n' +
        '           RETURNING *',
      duration: 1,
      rows: 1
    }

      at Object.log [as query] (src/db.js:84:13)

  console.log
    Executed query { text: 'COMMIT', duration: 1, rows: null }

      at Object.log [as query] (src/db.js:84:13)

  console.log
    Executed query {
      text: 'DELETE FROM game_rosters WHERE game_id = $1',
      duration: 0,
      rows: 1
    }

      at Object.log [as query] (src/db.js:84:13)

  console.log
    Executed query {
      text: 'INSERT INTO game_rosters (game_id, team_id, player_id, is_captain, is_starting) \n' +
        '         VALUES ($1, $2, $3, $4, $5), ($1, $2, $6, $7, $8)',
      duration: 1,
      rows: 2
    }

      at Object.log [as query] (src/db.js:84:13)

  console.log
    Request: {
      method: 'GET',
      path: '/api/game-rosters/1',
      headers: { authorization: 'present', 'content-type': undefined }
    }

      at log (src/app.js:167:11)

  console.log
    Executed query {
      text: '\n' +
        '        SELECT \n' +
        '          gr.*,\n' +
        '          p.first_name,\n' +
        '          p.last_name,\n' +
        '          p.jersey_number,\n' +
        '          p.gender,\n' +
        '          t.name as team_name\n' +
        '        FROM game_rosters gr\n' +
        '        JOIN players p ON gr.player_id = p.id\n' +
        '        JOIN teams t ON gr.team_id = t.id\n' +
        '        WHERE gr.game_id = $1\n' +
        '       ORDER BY gr.team_id, p.last_name, p.first_name',
      duration: 1,
      rows: 2
    }

      at Object.log [as query] (src/db.js:84:13)

  console.log
    Executed query {
      text: 'DELETE FROM game_rosters WHERE game_id = $1',
      duration: 0,
      rows: 2
    }

      at Object.log [as query] (src/db.js:84:13)

  console.log
    Executed query {
      text: 'INSERT INTO game_rosters (game_id, team_id, player_id, is_captain, is_starting) \n' +
        '         VALUES ($1, $2, $3, $4, $5), ($1, $2, $6, $7, $8)',
      duration: 0,
      rows: 2
    }

      at Object.log [as query] (src/db.js:84:13)

  console.log
    Request: {
      method: 'GET',
      path: '/api/game-rosters/1',
      headers: { authorization: 'present', 'content-type': undefined }
    }

      at log (src/app.js:167:11)

  console.log
    Executed query {
      text: '\n' +
        '        SELECT \n' +
        '          gr.*,\n' +
        '          p.first_name,\n' +
        '          p.last_name,\n' +
        '          p.jersey_number,\n' +
        '          p.gender,\n' +
        '          t.name as team_name\n' +
        '        FROM game_rosters gr\n' +
        '        JOIN players p ON gr.player_id = p.id\n' +
        '        JOIN teams t ON gr.team_id = t.id\n' +
        '        WHERE gr.game_id = $1\n' +
        '       AND gr.team_id = $2 ORDER BY gr.team_id, p.last_name, p.first_name',
      duration: 1,
      rows: 2
    }

      at Object.log [as query] (src/db.js:84:13)

  console.log
    Executed query {
      text: 'DELETE FROM game_rosters WHERE game_id = $1',
      duration: 1,
      rows: 2
    }

      at Object.log [as query] (src/db.js:84:13)

  console.log
    Executed query {
      text: 'INSERT INTO game_rosters (game_id, team_id, player_id, is_captain, is_starting) \n' +
        '         VALUES ($1, $2, $3, $4, $5), ($1, $2, $6, $7, $8)',
      duration: 1,
      rows: 2
    }

      at Object.log [as query] (src/db.js:84:13)

  console.log
    Executed query {
      text: 'DELETE FROM game_rosters WHERE game_id = $1',
      duration: 0,
      rows: 2
    }

      at Object.log [as query] (src/db.js:84:13)

  console.log
    Request: {
      method: 'GET',
      path: '/api/game-rosters/1',
      headers: { authorization: 'present', 'content-type': undefined }
    }

      at log (src/app.js:167:11)

  console.log
    Executed query {
      text: '\n' +
        '        SELECT \n' +
        '          gr.*,\n' +
        '          p.first_name,\n' +
        '          p.last_name,\n' +
        '          p.jersey_number,\n' +
        '          p.gender,\n' +
        '          t.name as team_name\n' +
        '        FROM game_rosters gr\n' +
        '        JOIN players p ON gr.player_id = p.id\n' +
        '        JOIN teams t ON gr.team_id = t.id\n' +
        '        WHERE gr.game_id = $1\n' +
        '       ORDER BY gr.team_id, p.last_name, p.first_name',
      duration: 0,
      rows: 0
    }

      at Object.log [as query] (src/db.js:84:13)

  console.log
    Executed query {
      text: 'DELETE FROM game_rosters WHERE game_id = $1',
      duration: 0,
      rows: 0
    }

      at Object.log [as query] (src/db.js:84:13)

  console.log
    Executed query {
      text: 'INSERT INTO game_rosters (game_id, team_id, player_id, is_captain, is_starting) \n' +
        '         VALUES ($1, $2, $3, $4, $5), ($1, $2, $6, $7, $8)',
      duration: 0,
      rows: 2
    }

      at Object.log [as query] (src/db.js:84:13)

  console.log
    Request: {
      method: 'GET',
      path: '/api/game-rosters/1',
      headers: { authorization: 'missing', 'content-type': undefined }
    }

      at log (src/app.js:167:11)

  console.log
    Executed query {
      text: '\n' +
        '        SELECT \n' +
        '          gr.*,\n' +
        '          p.first_name,\n' +
        '          p.last_name,\n' +
        '          p.jersey_number,\n' +
        '          p.gender,\n' +
        '          t.name as team_name\n' +
        '        FROM game_rosters gr\n' +
        '        JOIN players p ON gr.player_id = p.id\n' +
        '        JOIN teams t ON gr.team_id = t.id\n' +
        '        WHERE gr.game_id = $1\n' +
        '       ORDER BY gr.team_id, p.last_name, p.first_name',
      duration: 1,
      rows: 2
    }

      at Object.log [as query] (src/db.js:84:13)

  console.log
    Executed query {
      text: 'DELETE FROM game_rosters WHERE game_id = $1',
      duration: 1,
      rows: 2
    }

      at Object.log [as query] (src/db.js:84:13)

  console.log
    Executed query {
      text: 'INSERT INTO game_rosters (game_id, team_id, player_id, is_captain, is_starting) \n' +
        '         VALUES ($1, $2, $3, $4, $5) RETURNING id',
      duration: 1,
      rows: 1
    }

      at Object.log [as query] (src/db.js:84:13)

  console.log
    Request: {
      method: 'PUT',
      path: '/api/game-rosters/1/14',
      headers: { authorization: 'present', 'content-type': 'application/json' }
    }

      at log (src/app.js:167:11)

  console.log
    Executed query { text: 'BEGIN', duration: 0, rows: null }

      at Object.log [as query] (src/db.js:84:13)

  console.log
    Executed query {
      text: 'SELECT * FROM game_rosters WHERE id = $1 AND game_id = $2',
      duration: 0,
      rows: 1
    }

      at Object.log [as query] (src/db.js:84:13)

  console.log
    Executed query {
      text: 'UPDATE game_rosters SET is_captain = false WHERE game_id = $1 AND team_id = $2 AND id != $3',
      duration: 1,
      rows: 0
    }

      at Object.log [as query] (src/db.js:84:13)

  console.log
    Executed query {
      text: 'UPDATE game_rosters SET is_captain = $1 WHERE id = $2 RETURNING *',
      duration: 0,
      rows: 1
    }

      at Object.log [as query] (src/db.js:84:13)

  console.log
    Executed query { text: 'COMMIT', duration: 0, rows: null }

      at Object.log [as query] (src/db.js:84:13)

  console.log
    Executed query {
      text: 'DELETE FROM game_rosters WHERE game_id = $1',
      duration: 1,
      rows: 1
    }

      at Object.log [as query] (src/db.js:84:13)

  console.log
    Executed query {
      text: 'INSERT INTO game_rosters (game_id, team_id, player_id, is_captain, is_starting) \n' +
        '         VALUES ($1, $2, $3, $4, $5) RETURNING id',
      duration: 0,
      rows: 1
    }

      at Object.log [as query] (src/db.js:84:13)

  console.log
    Request: {
      method: 'PUT',
      path: '/api/game-rosters/1/15',
      headers: { authorization: 'present', 'content-type': 'application/json' }
    }

      at log (src/app.js:167:11)

  console.log
    Executed query { text: 'BEGIN', duration: 0, rows: null }

      at Object.log [as query] (src/db.js:84:13)

  console.log
    Executed query {
      text: 'SELECT * FROM game_rosters WHERE id = $1 AND game_id = $2',
      duration: 1,
      rows: 1
    }

      at Object.log [as query] (src/db.js:84:13)

  console.log
    Executed query {
      text: 'UPDATE game_rosters SET is_starting = $1 WHERE id = $2 RETURNING *',
      duration: 3,
      rows: 1
    }

      at Object.log [as query] (src/db.js:84:13)

  console.log
    Executed query { text: 'COMMIT', duration: 0, rows: null }

      at Object.log [as query] (src/db.js:84:13)

  console.log
    Executed query {
      text: 'DELETE FROM game_rosters WHERE game_id = $1',
      duration: 0,
      rows: 1
    }

      at Object.log [as query] (src/db.js:84:13)

  console.log
    Executed query {
      text: 'INSERT INTO game_rosters (game_id, team_id, player_id, is_captain, is_starting) \n' +
        '         VALUES ($1, $2, $3, $4, $5) RETURNING id',
      duration: 0,
      rows: 1
    }

      at Object.log [as query] (src/db.js:84:13)

  console.log
    Request: {
      method: 'PUT',
      path: '/api/game-rosters/1/99999',
      headers: { authorization: 'present', 'content-type': 'application/json' }
    }

      at log (src/app.js:167:11)

  console.log
    Executed query { text: 'BEGIN', duration: 0, rows: null }

      at Object.log [as query] (src/db.js:84:13)

  console.log
    Executed query {
      text: 'SELECT * FROM game_rosters WHERE id = $1 AND game_id = $2',
      duration: 1,
      rows: 0
    }

      at Object.log [as query] (src/db.js:84:13)

  console.log
    Executed query { text: 'ROLLBACK', duration: 0, rows: null }

      at Object.log [as query] (src/db.js:84:13)

  console.log
    Executed query {
      text: 'DELETE FROM game_rosters WHERE game_id = $1',
      duration: 1,
      rows: 1
    }

      at Object.log [as query] (src/db.js:84:13)

  console.log
    Executed query {
      text: 'INSERT INTO game_rosters (game_id, team_id, player_id, is_captain, is_starting) \n' +
        '         VALUES ($1, $2, $3, $4, $5) RETURNING id',
      duration: 0,
      rows: 1
    }

      at Object.log [as query] (src/db.js:84:13)

  console.log
    Request: {
      method: 'PUT',
      path: '/api/game-rosters/1/17',
      headers: { authorization: 'missing', 'content-type': 'application/json' }
    }

      at log (src/app.js:167:11)

  console.log
    Executed query { text: 'BEGIN', duration: 0, rows: null }

      at Object.log [as query] (src/db.js:84:13)

  console.log
    Executed query {
      text: 'SELECT * FROM game_rosters WHERE id = $1 AND game_id = $2',
      duration: 1,
      rows: 1
    }

      at Object.log [as query] (src/db.js:84:13)

  console.log
    Executed query {
      text: 'UPDATE game_rosters SET is_captain = false WHERE game_id = $1 AND team_id = $2 AND id != $3',
      duration: 0,
      rows: 0
    }

      at Object.log [as query] (src/db.js:84:13)

  console.log
    Executed query {
      text: 'UPDATE game_rosters SET is_captain = $1 WHERE id = $2 RETURNING *',
      duration: 1,
      rows: 1
    }

      at Object.log [as query] (src/db.js:84:13)

  console.log
    Executed query { text: 'COMMIT', duration: 0, rows: null }

      at Object.log [as query] (src/db.js:84:13)

  console.log
    Executed query {
      text: 'DELETE FROM game_rosters WHERE game_id = $1',
      duration: 0,
      rows: 1
    }

      at Object.log [as query] (src/db.js:84:13)

  console.log
    Executed query {
      text: 'INSERT INTO game_rosters (game_id, team_id, player_id, is_captain, is_starting) \n' +
        '         VALUES ($1, $2, $3, $4, $5) RETURNING id',
      duration: 0,
      rows: 1
    }

      at Object.log [as query] (src/db.js:84:13)

  console.log
    Request: {
      method: 'DELETE',
      path: '/api/game-rosters/1/18',
      headers: { authorization: 'present', 'content-type': undefined }
    }

      at log (src/app.js:167:11)

  console.log
    Executed query {
      text: 'DELETE FROM game_rosters WHERE id = $1 AND game_id = $2 RETURNING *',
      duration: 0,
      rows: 1
    }

      at Object.log [as query] (src/db.js:84:13)

  console.log
    Executed query {
      text: 'SELECT * FROM game_rosters WHERE id = $1',
      duration: 1,
      rows: 0
    }

      at Object.log [as query] (src/db.js:84:13)

  console.log
    Executed query {
      text: 'DELETE FROM game_rosters WHERE game_id = $1',
      duration: 1,
      rows: 0
    }

      at Object.log [as query] (src/db.js:84:13)

  console.log
    Executed query {
      text: 'INSERT INTO game_rosters (game_id, team_id, player_id, is_captain, is_starting) \n' +
        '         VALUES ($1, $2, $3, $4, $5) RETURNING id',
      duration: 0,
      rows: 1
    }

      at Object.log [as query] (src/db.js:84:13)

  console.log
    Request: {
      method: 'DELETE',
      path: '/api/game-rosters/1/99999',
      headers: { authorization: 'present', 'content-type': undefined }
    }

      at log (src/app.js:167:11)

  console.log
    Executed query {
      text: 'DELETE FROM game_rosters WHERE id = $1 AND game_id = $2 RETURNING *',
      duration: 1,
      rows: 0
    }

      at Object.log [as query] (src/db.js:84:13)

  console.log
    Executed query {
      text: 'DELETE FROM game_rosters WHERE game_id = $1',
      duration: 1,
      rows: 1
    }

      at Object.log [as query] (src/db.js:84:13)

  console.log
    Executed query {
      text: 'INSERT INTO game_rosters (game_id, team_id, player_id, is_captain, is_starting) \n' +
        '         VALUES ($1, $2, $3, $4, $5) RETURNING id',
      duration: 0,
      rows: 1
    }

      at Object.log [as query] (src/db.js:84:13)

  console.log
    Request: {
      method: 'DELETE',
      path: '/api/game-rosters/1/20',
      headers: { authorization: 'missing', 'content-type': undefined }
    }

      at log (src/app.js:167:11)

  console.log
    Executed query {
      text: 'DELETE FROM game_rosters WHERE id = $1 AND game_id = $2 RETURNING *',
      duration: 0,
      rows: 1
    }

      at Object.log [as query] (src/db.js:84:13)

  console.log
    Executed query {
      text: 'DELETE FROM game_rosters WHERE game_id = $1',
      duration: 0,
      rows: 0
    }

      at Object.log [as query] (src/db.js:84:13)

  console.log
    Request: {
      method: 'POST',
      path: '/api/game-rosters/1',
      headers: { authorization: 'present', 'content-type': 'application/json' }
    }

      at log (src/app.js:167:11)

  console.log
    Executed query { text: 'BEGIN', duration: 0, rows: null }

      at Object.log [as query] (src/db.js:84:13)

  console.log
    Executed query {
      text: 'DELETE FROM game_rosters WHERE game_id = $1',
      duration: 0,
      rows: 0
    }

      at Object.log [as query] (src/db.js:84:13)

  console.log
    Executed query {
      text: 'INSERT INTO game_rosters (game_id, team_id, player_id, is_captain, is_starting)\n' +
        '           VALUES ($1, $2, $3, $4, $5)\n' +
        '           RETURNING *',
      duration: 0,
      rows: 1
    }

      at Object.log [as query] (src/db.js:84:13)

  console.log
    Executed query { text: 'COMMIT', duration: 1, rows: null }

      at Object.log [as query] (src/db.js:84:13)

  console.log
    Executed query {
      text: 'DELETE FROM game_rosters WHERE game_id = $1',
      duration: 0,
      rows: 1
    }

      at Object.log [as query] (src/db.js:84:13)

  console.log
    Executed query {
      text: 'INSERT INTO players (team_id, first_name, last_name, jersey_number, gender) VALUES ($1, $2, $3, $4, $5) RETURNING *',
      duration: 1,
      rows: 1
    }

      at Object.log [as query] (src/db.js:84:13)

  console.log
    Executed query {
      text: 'INSERT INTO players (team_id, first_name, last_name, jersey_number, gender) VALUES ($1, $2, $3, $4, $5) RETURNING *',
      duration: 0,
      rows: 1
    }

      at Object.log [as query] (src/db.js:84:13)

  console.log
    Executed query {
      text: 'INSERT INTO players (team_id, first_name, last_name, jersey_number, gender) VALUES ($1, $2, $3, $4, $5) RETURNING *',
      duration: 0,
      rows: 1
    }

      at Object.log [as query] (src/db.js:84:13)

  console.log
    Executed query {
      text: 'INSERT INTO players (team_id, first_name, last_name, jersey_number, gender) VALUES ($1, $2, $3, $4, $5) RETURNING *',
      duration: 0,
      rows: 1
    }

      at Object.log [as query] (src/db.js:84:13)

  console.log
    Executed query {
      text: 'INSERT INTO players (team_id, first_name, last_name, jersey_number, gender) VALUES ($1, $2, $3, $4, $5) RETURNING *',
      duration: 1,
      rows: 1
    }

      at Object.log [as query] (src/db.js:84:13)

  console.log
    Executed query {
      text: 'INSERT INTO players (team_id, first_name, last_name, jersey_number, gender) VALUES ($1, $2, $3, $4, $5) RETURNING *',
      duration: 0,
      rows: 1
    }

      at Object.log [as query] (src/db.js:84:13)

  console.log
    Executed query {
      text: 'INSERT INTO players (team_id, first_name, last_name, jersey_number, gender) VALUES ($1, $2, $3, $4, $5) RETURNING *',
      duration: 1,
      rows: 1
    }

      at Object.log [as query] (src/db.js:84:13)

  console.log
    Executed query {
      text: 'INSERT INTO players (team_id, first_name, last_name, jersey_number, gender) VALUES ($1, $2, $3, $4, $5) RETURNING *',
      duration: 0,
      rows: 1
    }

      at Object.log [as query] (src/db.js:84:13)

  console.log
    Executed query {
      text: 'INSERT INTO players (team_id, first_name, last_name, jersey_number, gender) VALUES ($1, $2, $3, $4, $5) RETURNING *',
      duration: 0,
      rows: 1
    }

      at Object.log [as query] (src/db.js:84:13)

  console.log
    Executed query {
      text: 'INSERT INTO players (team_id, first_name, last_name, jersey_number, gender) VALUES ($1, $2, $3, $4, $5) RETURNING *',
      duration: 1,
      rows: 1
    }

      at Object.log [as query] (src/db.js:84:13)

  console.log
    Request: {
      method: 'POST',
      path: '/api/game-rosters/1',
      headers: { authorization: 'present', 'content-type': 'application/json' }
    }

      at log (src/app.js:167:11)

  console.log
    Executed query { text: 'BEGIN', duration: 0, rows: null }

      at Object.log [as query] (src/db.js:84:13)

  console.log
    Executed query {
      text: 'DELETE FROM game_rosters WHERE game_id = $1',
      duration: 0,
      rows: 0
    }

      at Object.log [as query] (src/db.js:84:13)

  console.log
    Executed query {
      text: 'INSERT INTO game_rosters (game_id, team_id, player_id, is_captain, is_starting)\n' +
        '           VALUES ($1, $2, $3, $4, $5)\n' +
        '           RETURNING *',
      duration: 0,
      rows: 1
    }

      at Object.log [as query] (src/db.js:84:13)

  console.log
    Executed query {
      text: 'INSERT INTO game_rosters (game_id, team_id, player_id, is_captain, is_starting)\n' +
        '           VALUES ($1, $2, $3, $4, $5)\n' +
        '           RETURNING *',
      duration: 0,
      rows: 1
    }

      at Object.log [as query] (src/db.js:84:13)

  console.log
    Executed query {
      text: 'INSERT INTO game_rosters (game_id, team_id, player_id, is_captain, is_starting)\n' +
        '           VALUES ($1, $2, $3, $4, $5)\n' +
        '           RETURNING *',
      duration: 0,
      rows: 1
    }

      at Object.log [as query] (src/db.js:84:13)

  console.log
    Executed query {
      text: 'INSERT INTO game_rosters (game_id, team_id, player_id, is_captain, is_starting)\n' +
        '           VALUES ($1, $2, $3, $4, $5)\n' +
        '           RETURNING *',
      duration: 0,
      rows: 1
    }

      at Object.log [as query] (src/db.js:84:13)

  console.log
    Executed query {
      text: 'INSERT INTO game_rosters (game_id, team_id, player_id, is_captain, is_starting)\n' +
        '           VALUES ($1, $2, $3, $4, $5)\n' +
        '           RETURNING *',
      duration: 1,
      rows: 1
    }

      at Object.log [as query] (src/db.js:84:13)

  console.log
    Executed query {
      text: 'INSERT INTO game_rosters (game_id, team_id, player_id, is_captain, is_starting)\n' +
        '           VALUES ($1, $2, $3, $4, $5)\n' +
        '           RETURNING *',
      duration: 0,
      rows: 1
    }

      at Object.log [as query] (src/db.js:84:13)

  console.log
    Executed query {
      text: 'INSERT INTO game_rosters (game_id, team_id, player_id, is_captain, is_starting)\n' +
        '           VALUES ($1, $2, $3, $4, $5)\n' +
        '           RETURNING *',
      duration: 1,
      rows: 1
    }

      at Object.log [as query] (src/db.js:84:13)

  console.log
    Executed query {
      text: 'INSERT INTO game_rosters (game_id, team_id, player_id, is_captain, is_starting)\n' +
        '           VALUES ($1, $2, $3, $4, $5)\n' +
        '           RETURNING *',
      duration: 0,
      rows: 1
    }

      at Object.log [as query] (src/db.js:84:13)

  console.log
    Executed query {
      text: 'INSERT INTO game_rosters (game_id, team_id, player_id, is_captain, is_starting)\n' +
        '           VALUES ($1, $2, $3, $4, $5)\n' +
        '           RETURNING *',
      duration: 1,
      rows: 1
    }

      at Object.log [as query] (src/db.js:84:13)

  console.log
    Executed query {
      text: 'INSERT INTO game_rosters (game_id, team_id, player_id, is_captain, is_starting)\n' +
        '           VALUES ($1, $2, $3, $4, $5)\n' +
        '           RETURNING *',
      duration: 0,
      rows: 1
    }

      at Object.log [as query] (src/db.js:84:13)

  console.log
    Executed query { text: 'COMMIT', duration: 1, rows: null }

      at Object.log [as query] (src/db.js:84:13)

  console.log
    Executed query {
      text: 'DELETE FROM players WHERE jersey_number >= 30 AND team_id = $1',
      duration: 2,
      rows: 10
    }

      at Object.log [as query] (src/db.js:84:13)

  console.log
    Executed query {
      text: 'DELETE FROM game_rosters WHERE game_id = $1',
      duration: 1,
      rows: 0
    }

      at Object.log [as query] (src/db.js:84:13)

  console.log
    Request: {
      method: 'POST',
      path: '/api/game-rosters/1',
      headers: { authorization: 'present', 'content-type': 'application/json' }
    }

      at log (src/app.js:167:11)

  console.log
    Executed query { text: 'BEGIN', duration: 0, rows: null }

      at Object.log [as query] (src/db.js:84:13)

  console.log
    Executed query {
      text: 'DELETE FROM game_rosters WHERE game_id = $1',
      duration: 0,
      rows: 0
    }

      at Object.log [as query] (src/db.js:84:13)

  console.log
    Executed query { text: 'COMMIT', duration: 0, rows: null }

      at Object.log [as query] (src/db.js:84:13)

  console.log
    Executed query {
      text: 'DELETE FROM game_rosters WHERE game_id = $1',
      duration: 1,
      rows: 0
    }

      at Object.log [as query] (src/db.js:84:13)

  console.log
    Request: {
      method: 'POST',
      path: '/api/game-rosters/1',
      headers: { authorization: 'present', 'content-type': 'application/json' }
    }

      at log (src/app.js:167:11)

  console.log
    Executed query { text: 'BEGIN', duration: 0, rows: null }

      at Object.log [as query] (src/db.js:84:13)

  console.log
    Executed query {
      text: 'DELETE FROM game_rosters WHERE game_id = $1',
      duration: 1,
      rows: 0
    }

      at Object.log [as query] (src/db.js:84:13)

  console.log
    Executed query {
      text: 'INSERT INTO game_rosters (game_id, team_id, player_id, is_captain, is_starting)\n' +
        '           VALUES ($1, $2, $3, $4, $5)\n' +
        '           RETURNING *',
      duration: 1,
      rows: 1
    }

      at Object.log [as query] (src/db.js:84:13)

  console.log
    Executed query { text: 'COMMIT', duration: 0, rows: null }

      at Object.log [as query] (src/db.js:84:13)

  console.log
    Request: {
      method: 'POST',
      path: '/api/game-rosters/1',
      headers: { authorization: 'present', 'content-type': 'application/json' }
    }

      at log (src/app.js:167:11)

  console.log
    Executed query { text: 'BEGIN', duration: 0, rows: null }

      at Object.log [as query] (src/db.js:84:13)

  console.log
    Executed query {
      text: 'DELETE FROM game_rosters WHERE game_id = $1',
      duration: 1,
      rows: 1
    }

      at Object.log [as query] (src/db.js:84:13)

  console.log
    Executed query {
      text: 'INSERT INTO game_rosters (game_id, team_id, player_id, is_captain, is_starting)\n' +
        '           VALUES ($1, $2, $3, $4, $5)\n' +
        '           RETURNING *',
      duration: 0,
      rows: 1
    }

      at Object.log [as query] (src/db.js:84:13)

  console.log
    Executed query { text: 'COMMIT', duration: 0, rows: null }

      at Object.log [as query] (src/db.js:84:13)

  console.log
    Executed query {
      text: 'SELECT * FROM game_rosters WHERE game_id = $1 AND player_id = $2',
      duration: 0,
      rows: 0
    }

      at Object.log [as query] (src/db.js:84:13)

  console.log
    Executed query {
      text: 'DELETE FROM game_rosters WHERE game_id = $1',
      duration: 0,
      rows: 1
    }

      at Object.log [as query] (src/db.js:84:13)

  console.log
    Executed query { text: 'DELETE FROM games WHERE id = $1', duration: 2, rows: 1 }

      at Object.log [as query] (src/db.js:84:13)

  console.log
    Executed query {
      text: 'DELETE FROM players WHERE team_id IN ($1, $2)',
      duration: 1,
      rows: 5
    }

      at Object.log [as query] (src/db.js:84:13)

  console.log
    Executed query {
      text: 'DELETE FROM teams WHERE id IN ($1, $2)',
      duration: 1,
      rows: 2
    }

      at Object.log [as query] (src/db.js:84:13)

  console.log
    Executed query {
      text: 'DELETE FROM users WHERE id IN ($1, $2, $3)',
      duration: 1,
      rows: 3
    }

      at Object.log [as query] (src/db.js:84:13)

  console.log
    Database pool has been closed

      at Object.log [as closePool] (src/db.js:111:13)

node.exe : FAIL test/game-rosters.test.js
At line:1 char:1
+ & "C:\Program Files\nodejs/node.exe" "C:\Program Files\nodejs/node_mo ...
+ ~~~~~~~~~~~~~~~~~~~~~~~~~~~~~~~~~~~~~~~~~~~~~~~~~~~~~~~~~~~~~~~~~~~~~
    + CategoryInfo          : NotSpecified: (FAIL test/game-rosters.test.js:String) [], RemoteException
    + FullyQualifiedErrorId : NativeCommandError
 
  Game Rosters API
    POST /api/game-rosters/:gameId
      ÔêÜ should add players to game roster with captain (44 ms)
      ÔêÜ should reject multiple captains for same team (9 ms)
      ├ù should reject if game does not exist (35 ms)
      ├ù should require authentication (10 ms)
      ÔêÜ should validate required fields (8 ms)
      ÔêÜ should allow coaches to manage rosters (9 ms)
    GET /api/game-rosters/:gameId
      ÔêÜ should get all roster entries for a game (8 ms)
      ÔêÜ should filter by team_id (7 ms)
      ÔêÜ should return empty array if no roster entries (10 ms)
      ├ù should require authentication (7 ms)
    PUT /api/game-rosters/:gameId/:rosterId
      ÔêÜ should update roster entry to make player captain (9 ms)
      ÔêÜ should update starting status (12 ms)
      ÔêÜ should return 404 if roster entry not found (7 ms)
      ├ù should require authentication (9 ms)
    DELETE /api/game-rosters/:gameId/:rosterId
      ÔêÜ should remove player from roster (7 ms)
      ÔêÜ should return 404 if roster entry not found (6 ms)
      ├ù should require authentication (6 ms)
    Authorization
      ├ù should deny viewers from managing rosters (6 ms)
    Edge Cases
      ÔêÜ should handle large roster (10 players) (22 ms)
      ÔêÜ should handle empty roster (8 ms)
      ÔêÜ should replace existing roster when posting new one (15 ms)

  ÔùÅ Game Rosters API ÔÇ║ POST /api/game-rosters/:gameId ÔÇ║ should reject if game does not exist

    expect(received).toBe(expected) // Object.is equality

    Expected: 404
    Received: 400

    [0m [90m 157 |[39m         })[33m;[39m
     [90m 158 |[39m
    [31m[1m>[22m[39m[90m 159 |[39m       expect(response[33m.[39mstatus)[33m.[39mtoBe([35m404[39m)[33m;[39m
     [90m     |[39m                               [31m[1m^[22m[39m
     [90m 160 |[39m       expect(response[33m.[39mbody[33m.[39merror)[33m.[39mtoContain([32m'not found'[39m)[33m;[39m
     [90m 161 |[39m     })[33m;[39m
     [90m 162 |[39m[0m

      at Object.toBe (test/game-rosters.test.js:159:31)

  ÔùÅ Game Rosters API ÔÇ║ POST /api/game-rosters/:gameId ÔÇ║ should require authentication

    expect(received).toBe(expected) // Object.is equality

    Expected: 401
    Received: 201

    [0m [90m 170 |[39m         })[33m;[39m
     [90m 171 |[39m
    [31m[1m>[22m[39m[90m 172 |[39m       expect(response[33m.[39mstatus)[33m.[39mtoBe([35m401[39m)[33m;[39m
     [90m     |[39m                               [31m[1m^[22m[39m
     [90m 173 |[39m     })[33m;[39m
     [90m 174 |[39m
     [90m 175 |[39m     it([32m'should validate required fields'[39m[33m,[39m [36masync[39m () [33m=>[39m {[0m

      at Object.toBe (test/game-rosters.test.js:172:31)

  ÔùÅ Game Rosters API ÔÇ║ GET /api/game-rosters/:gameId ÔÇ║ should require authentication

    expect(received).toBe(expected) // Object.is equality

    Expected: 401
    Received: 200

    [0m [90m 249 |[39m         [33m.[39m[36mget[39m([32m`/api/game-rosters/${testGame.id}`[39m)[33m;[39m
     [90m 250 |[39m
    [31m[1m>[22m[39m[90m 251 |[39m       expect(response[33m.[39mstatus)[33m.[39mtoBe([35m401[39m)[33m;[39m
     [90m     |[39m                               [31m[1m^[22m[39m
     [90m 252 |[39m     })[33m;[39m
     [90m 253 |[39m   })[33m;[39m
     [90m 254 |[39m[0m

      at Object.toBe (test/game-rosters.test.js:251:31)

  ÔùÅ Game Rosters API ÔÇ║ PUT /api/game-rosters/:gameId/:rosterId ÔÇ║ should require authentication

    expect(received).toBe(expected) // Object.is equality

    Expected: 401
    Received: 200

    [0m [90m 300 |[39m         [33m.[39msend({ is_captain[33m:[39m [36mtrue[39m })[33m;[39m
     [90m 301 |[39m
    [31m[1m>[22m[39m[90m 302 |[39m       expect(response[33m.[39mstatus)[33m.[39mtoBe([35m401[39m)[33m;[39m
     [90m     |[39m                               [31m[1m^[22m[39m
     [90m 303 |[39m     })[33m;[39m
     [90m 304 |[39m   })[33m;[39m
     [90m 305 |[39m[0m

      at Object.toBe (test/game-rosters.test.js:302:31)

  ÔùÅ Game Rosters API ÔÇ║ DELETE /api/game-rosters/:gameId/:rosterId ÔÇ║ should require authentication

    expect(received).toBe(expected) // Object.is equality

    Expected: 401
    Received: 204

    [0m [90m 340 |[39m         [33m.[39m[36mdelete[39m([32m`/api/game-rosters/${testGame.id}/${rosterId}`[39m)[33m;[39m
     [90m 341 |[39m
    [31m[1m>[22m[39m[90m 342 |[39m       expect(response[33m.[39mstatus)[33m.[39mtoBe([35m401[39m)[33m;[39m
     [90m     |[39m                               [31m[1m^[22m[39m
     [90m 343 |[39m     })[33m;[39m
     [90m 344 |[39m   })[33m;[39m
     [90m 345 |[39m[0m

      at Object.toBe (test/game-rosters.test.js:342:31)

  ÔùÅ Game Rosters API ÔÇ║ Authorization ÔÇ║ should deny viewers from managing rosters

    expect(received).toBe(expected) // Object.is equality

    Expected: 403
    Received: 201

    [0m [90m 355 |[39m         })[33m;[39m
     [90m 356 |[39m
    [31m[1m>[22m[39m[90m 357 |[39m       expect(response[33m.[39mstatus)[33m.[39mtoBe([35m403[39m)[33m;[39m
     [90m     |[39m                               [31m[1m^[22m[39m
     [90m 358 |[39m     })[33m;[39m
     [90m 359 |[39m   })[33m;[39m
     [90m 360 |[39m[0m

      at Object.toBe (test/game-rosters.test.js:357:31)

Test Suites: 1 failed, 1 total
Tests:       6 failed, 15 passed, 21 total
Snapshots:   0 total
Time:        2.166 s
Ran all test suites matching test/game-rosters.test.js.
